2025-10-22 00:23:53 - my_app - ERROR - Ошибка T: Cannot save file into a non-existent directory: 'reports' - [tAPI.py:352]
2025-10-22 00:23:53 - my_app - ERROR - Ошибка SBER: Cannot save file into a non-existent directory: 'reports' - [tAPI.py:352]
2025-10-22 01:12:52 - my_app - ERROR - Ошибка T: unsupported operand type(s) for /: 'str' and 'str' - [tAPI.py:356]
2025-10-22 01:12:52 - my_app - ERROR - Ошибка SBER: unsupported operand type(s) for /: 'str' and 'str' - [tAPI.py:356]
2025-10-22 01:13:14 - my_app - ERROR - Ошибка YDEX: unsupported operand type(s) for /: 'str' and 'str' - [tAPI.py:356]
2025-10-22 01:13:14 - my_app - ERROR - Ошибка VTBR: unsupported operand type(s) for /: 'str' and 'str' - [tAPI.py:356]
2025-10-22 01:13:36 - my_app - ERROR - Ошибка X5: unsupported operand type(s) for /: 'str' and 'str' - [tAPI.py:356]
2025-10-22 01:13:37 - my_app - ERROR - Ошибка VKCO: unsupported operand type(s) for /: 'str' and 'str' - [tAPI.py:356]
2025-10-22 01:15:04 - my_app - ERROR - Ошибка SBER: 'str' object has no attribute 'absolute' - [tAPI.py:356]
2025-10-22 01:15:04 - my_app - ERROR - Ошибка T: 'str' object has no attribute 'absolute' - [tAPI.py:356]
2025-10-22 01:15:26 - my_app - ERROR - Ошибка VTBR: 'str' object has no attribute 'absolute' - [tAPI.py:356]
2025-10-22 01:15:26 - my_app - ERROR - Ошибка YDEX: 'str' object has no attribute 'absolute' - [tAPI.py:356]
2025-10-22 01:15:48 - my_app - ERROR - Ошибка X5: 'str' object has no attribute 'absolute' - [tAPI.py:356]
2025-10-22 01:15:48 - my_app - ERROR - Ошибка VKCO: 'str' object has no attribute 'absolute' - [tAPI.py:356]
2025-10-22 01:16:34 - my_app - ERROR - Ошибка T: join() got an unexpected keyword argument 'index' - [tAPI.py:356]
2025-10-22 01:16:34 - my_app - ERROR - Ошибка SBER: join() got an unexpected keyword argument 'index' - [tAPI.py:356]
2025-10-22 01:16:55 - my_app - ERROR - Ошибка VTBR: join() got an unexpected keyword argument 'index' - [tAPI.py:356]
2025-10-22 01:16:55 - my_app - ERROR - Ошибка YDEX: join() got an unexpected keyword argument 'index' - [tAPI.py:356]
2025-10-22 01:17:16 - my_app - ERROR - Ошибка X5: join() got an unexpected keyword argument 'index' - [tAPI.py:356]
2025-10-22 01:17:16 - my_app - ERROR - Ошибка VKCO: join() got an unexpected keyword argument 'index' - [tAPI.py:356]
2025-10-22 01:17:58 - my_app - ERROR - Ошибка T: unsupported operand type(s) for +: 'method' and 'str' - [tAPI.py:356]
2025-10-22 01:17:58 - my_app - ERROR - Ошибка SBER: unsupported operand type(s) for +: 'method' and 'str' - [tAPI.py:356]
2025-10-22 01:18:26 - my_app - ERROR - Ошибка T: unsupported operand type(s) for +: 'WindowsPath' and 'str' - [tAPI.py:356]
2025-10-22 01:18:26 - my_app - ERROR - Ошибка SBER: unsupported operand type(s) for +: 'WindowsPath' and 'str' - [tAPI.py:356]
2025-10-22 01:19:26 - my_app - ERROR - Ошибка SBER: unsupported operand type(s) for +: 'WindowsPath' and 'str' - [tAPI.py:356]
2025-10-22 01:19:26 - my_app - ERROR - Ошибка T: unsupported operand type(s) for +: 'WindowsPath' and 'str' - [tAPI.py:356]
2025-10-22 01:22:09 - my_app - ERROR - Ошибка T: unsupported operand type(s) for +: 'WindowsPath' and 'str' - [tAPI.py:356]
2025-10-22 01:22:09 - my_app - ERROR - Ошибка SBER: unsupported operand type(s) for +: 'WindowsPath' and 'str' - [tAPI.py:356]
2025-10-22 01:22:30 - my_app - ERROR - Ошибка VTBR: unsupported operand type(s) for +: 'WindowsPath' and 'str' - [tAPI.py:356]
2025-10-22 01:22:30 - my_app - ERROR - Ошибка YDEX: unsupported operand type(s) for +: 'WindowsPath' and 'str' - [tAPI.py:356]
2025-10-22 01:22:52 - my_app - ERROR - Ошибка X5: unsupported operand type(s) for +: 'WindowsPath' and 'str' - [tAPI.py:356]
2025-10-22 01:22:52 - my_app - ERROR - Ошибка VKCO: unsupported operand type(s) for +: 'WindowsPath' and 'str' - [tAPI.py:356]
2025-10-22 01:23:15 - my_app - ERROR - Ошибка LKOH: unsupported operand type(s) for +: 'WindowsPath' and 'str' - [tAPI.py:356]
2025-10-22 01:23:15 - my_app - ERROR - Ошибка PIKK: unsupported operand type(s) for +: 'WindowsPath' and 'str' - [tAPI.py:356]
2025-10-22 01:44:53 - my_app - ERROR - Ошибка SBER: unsupported operand type(s) for /: 'DirectoriesForReports' and 'NoneType' - [tAPI.py:355]
2025-10-22 01:44:53 - my_app - ERROR - Ошибка T: unsupported operand type(s) for /: 'DirectoriesForReports' and 'NoneType' - [tAPI.py:355]
2025-10-22 01:44:53 - my_app - ERROR - Ошибка VTBR: unsupported operand type(s) for /: 'DirectoriesForReports' and 'NoneType' - [tAPI.py:355]
2025-10-22 01:44:53 - my_app - ERROR - Ошибка YDEX: unsupported operand type(s) for /: 'DirectoriesForReports' and 'NoneType' - [tAPI.py:355]
2025-10-22 01:44:53 - my_app - ERROR - Ошибка X5: unsupported operand type(s) for /: 'DirectoriesForReports' and 'NoneType' - [tAPI.py:355]
2025-10-22 01:44:53 - my_app - ERROR - Ошибка VKCO: unsupported operand type(s) for /: 'DirectoriesForReports' and 'NoneType' - [tAPI.py:355]
2025-10-22 01:44:53 - my_app - ERROR - Ошибка LKOH: unsupported operand type(s) for /: 'DirectoriesForReports' and 'NoneType' - [tAPI.py:355]
2025-10-22 01:44:53 - my_app - ERROR - Ошибка PIKK: unsupported operand type(s) for /: 'DirectoriesForReports' and 'NoneType' - [tAPI.py:355]
2025-10-22 01:44:53 - my_app - ERROR - Ошибка GMKN: unsupported operand type(s) for /: 'DirectoriesForReports' and 'NoneType' - [tAPI.py:355]
2025-10-22 01:44:53 - my_app - ERROR - Ошибка CHMF: unsupported operand type(s) for /: 'DirectoriesForReports' and 'NoneType' - [tAPI.py:355]
2025-10-22 01:45:20 - my_app - ERROR - Ошибка SBER: unsupported operand type(s) for /: 'WindowsPath' and 'NoneType' - [tAPI.py:355]
2025-10-22 01:45:20 - my_app - ERROR - Ошибка T: unsupported operand type(s) for /: 'WindowsPath' and 'NoneType' - [tAPI.py:355]
2025-10-22 01:45:20 - my_app - ERROR - Ошибка VTBR: unsupported operand type(s) for /: 'WindowsPath' and 'NoneType' - [tAPI.py:355]
2025-10-22 01:45:20 - my_app - ERROR - Ошибка YDEX: unsupported operand type(s) for /: 'WindowsPath' and 'NoneType' - [tAPI.py:355]
2025-10-22 01:45:20 - my_app - ERROR - Ошибка X5: unsupported operand type(s) for /: 'WindowsPath' and 'NoneType' - [tAPI.py:355]
2025-10-22 01:45:20 - my_app - ERROR - Ошибка VKCO: unsupported operand type(s) for /: 'WindowsPath' and 'NoneType' - [tAPI.py:355]
2025-10-22 01:45:20 - my_app - ERROR - Ошибка LKOH: unsupported operand type(s) for /: 'WindowsPath' and 'NoneType' - [tAPI.py:355]
2025-10-22 01:45:20 - my_app - ERROR - Ошибка PIKK: unsupported operand type(s) for /: 'WindowsPath' and 'NoneType' - [tAPI.py:355]
2025-10-22 01:45:20 - my_app - ERROR - Ошибка GMKN: unsupported operand type(s) for /: 'WindowsPath' and 'NoneType' - [tAPI.py:355]
2025-10-22 01:45:20 - my_app - ERROR - Ошибка CHMF: unsupported operand type(s) for /: 'WindowsPath' and 'NoneType' - [tAPI.py:355]
2025-10-22 01:47:26 - my_app - ERROR - Ошибка SBER: 'WindowsPath' object is not subscriptable - [tAPI.py:355]
2025-10-22 01:47:26 - my_app - ERROR - Ошибка T: 'WindowsPath' object is not subscriptable - [tAPI.py:355]
2025-10-22 01:47:26 - my_app - ERROR - Ошибка VTBR: 'WindowsPath' object is not subscriptable - [tAPI.py:355]
2025-10-22 01:47:26 - my_app - ERROR - Ошибка YDEX: 'WindowsPath' object is not subscriptable - [tAPI.py:355]
2025-10-22 01:47:26 - my_app - ERROR - Ошибка X5: 'WindowsPath' object is not subscriptable - [tAPI.py:355]
2025-10-22 01:47:26 - my_app - ERROR - Ошибка VKCO: 'WindowsPath' object is not subscriptable - [tAPI.py:355]
2025-10-22 01:47:26 - my_app - ERROR - Ошибка LKOH: 'WindowsPath' object is not subscriptable - [tAPI.py:355]
2025-10-22 01:47:26 - my_app - ERROR - Ошибка PIKK: 'WindowsPath' object is not subscriptable - [tAPI.py:355]
2025-10-22 01:47:26 - my_app - ERROR - Ошибка GMKN: 'WindowsPath' object is not subscriptable - [tAPI.py:355]
2025-10-22 01:47:26 - my_app - ERROR - Ошибка CHMF: 'WindowsPath' object is not subscriptable - [tAPI.py:355]
2025-10-22 01:49:51 - my_app - ERROR - Ошибка SBER: 'WindowsPath' object is not subscriptable - [tAPI.py:355]
2025-10-22 01:49:51 - my_app - ERROR - Ошибка T: 'WindowsPath' object is not subscriptable - [tAPI.py:355]
2025-10-22 01:49:51 - my_app - ERROR - Ошибка VTBR: 'WindowsPath' object is not subscriptable - [tAPI.py:355]
2025-10-22 01:49:51 - my_app - ERROR - Ошибка YDEX: 'WindowsPath' object is not subscriptable - [tAPI.py:355]
2025-10-22 01:49:51 - my_app - ERROR - Ошибка X5: 'WindowsPath' object is not subscriptable - [tAPI.py:355]
2025-10-22 01:49:51 - my_app - ERROR - Ошибка VKCO: 'WindowsPath' object is not subscriptable - [tAPI.py:355]
2025-10-22 01:49:51 - my_app - ERROR - Ошибка LKOH: 'WindowsPath' object is not subscriptable - [tAPI.py:355]
2025-10-22 01:49:51 - my_app - ERROR - Ошибка PIKK: 'WindowsPath' object is not subscriptable - [tAPI.py:355]
2025-10-22 01:49:51 - my_app - ERROR - Ошибка GMKN: 'WindowsPath' object is not subscriptable - [tAPI.py:355]
2025-10-22 01:49:51 - my_app - ERROR - Ошибка CHMF: 'WindowsPath' object is not subscriptable - [tAPI.py:355]
2025-10-22 01:50:06 - my_app - ERROR - Ошибка SBER: 'WindowsPath' object is not subscriptable - [tAPI.py:356]
2025-10-22 01:50:06 - my_app - ERROR - Ошибка T: 'WindowsPath' object is not subscriptable - [tAPI.py:356]
2025-10-22 01:50:06 - my_app - ERROR - Ошибка VTBR: 'WindowsPath' object is not subscriptable - [tAPI.py:356]
2025-10-22 01:50:06 - my_app - ERROR - Ошибка YDEX: 'WindowsPath' object is not subscriptable - [tAPI.py:356]
2025-10-22 01:50:06 - my_app - ERROR - Ошибка X5: 'WindowsPath' object is not subscriptable - [tAPI.py:356]
2025-10-22 01:50:06 - my_app - ERROR - Ошибка VKCO: 'WindowsPath' object is not subscriptable - [tAPI.py:356]
2025-10-22 01:50:06 - my_app - ERROR - Ошибка LKOH: 'WindowsPath' object is not subscriptable - [tAPI.py:356]
2025-10-22 01:50:06 - my_app - ERROR - Ошибка PIKK: 'WindowsPath' object is not subscriptable - [tAPI.py:356]
2025-10-22 01:50:06 - my_app - ERROR - Ошибка GMKN: 'WindowsPath' object is not subscriptable - [tAPI.py:356]
2025-10-22 01:50:06 - my_app - ERROR - Ошибка CHMF: 'WindowsPath' object is not subscriptable - [tAPI.py:356]
2025-10-22 01:50:46 - my_app - ERROR - Ошибка SBER: 'WindowsPath' object is not subscriptable - [tAPI.py:356]
2025-10-22 01:50:46 - my_app - ERROR - Ошибка T: 'WindowsPath' object is not subscriptable - [tAPI.py:356]
2025-10-22 01:50:46 - my_app - ERROR - Ошибка VTBR: 'WindowsPath' object is not subscriptable - [tAPI.py:356]
2025-10-22 01:50:46 - my_app - ERROR - Ошибка YDEX: 'WindowsPath' object is not subscriptable - [tAPI.py:356]
2025-10-22 01:50:46 - my_app - ERROR - Ошибка X5: 'WindowsPath' object is not subscriptable - [tAPI.py:356]
2025-10-22 01:50:46 - my_app - ERROR - Ошибка VKCO: 'WindowsPath' object is not subscriptable - [tAPI.py:356]
2025-10-22 01:50:46 - my_app - ERROR - Ошибка LKOH: 'WindowsPath' object is not subscriptable - [tAPI.py:356]
2025-10-22 01:50:46 - my_app - ERROR - Ошибка PIKK: 'WindowsPath' object is not subscriptable - [tAPI.py:356]
2025-10-22 01:50:46 - my_app - ERROR - Ошибка GMKN: 'WindowsPath' object is not subscriptable - [tAPI.py:356]
2025-10-22 01:50:46 - my_app - ERROR - Ошибка CHMF: 'WindowsPath' object is not subscriptable - [tAPI.py:356]
2025-10-22 01:50:58 - my_app - ERROR - Ошибка SBER: 'str' object has no attribute 'absolute' - [tAPI.py:355]
2025-10-22 01:50:58 - my_app - ERROR - Ошибка T: 'str' object has no attribute 'absolute' - [tAPI.py:355]
2025-10-22 01:50:58 - my_app - ERROR - Ошибка VTBR: 'str' object has no attribute 'absolute' - [tAPI.py:355]
2025-10-22 01:50:58 - my_app - ERROR - Ошибка YDEX: 'str' object has no attribute 'absolute' - [tAPI.py:355]
2025-10-22 01:50:58 - my_app - ERROR - Ошибка X5: 'str' object has no attribute 'absolute' - [tAPI.py:355]
2025-10-22 01:50:58 - my_app - ERROR - Ошибка VKCO: 'str' object has no attribute 'absolute' - [tAPI.py:355]
2025-10-22 01:50:58 - my_app - ERROR - Ошибка LKOH: 'str' object has no attribute 'absolute' - [tAPI.py:355]
2025-10-22 01:50:58 - my_app - ERROR - Ошибка PIKK: 'str' object has no attribute 'absolute' - [tAPI.py:355]
2025-10-22 01:50:58 - my_app - ERROR - Ошибка GMKN: 'str' object has no attribute 'absolute' - [tAPI.py:355]
2025-10-22 01:50:58 - my_app - ERROR - Ошибка CHMF: 'str' object has no attribute 'absolute' - [tAPI.py:355]
2025-10-22 01:51:10 - my_app - ERROR - Ошибка SBER: can't compare offset-naive and offset-aware datetimes - [tAPI.py:355]
2025-10-22 01:51:10 - my_app - ERROR - Ошибка T: can't compare offset-naive and offset-aware datetimes - [tAPI.py:355]
2025-10-22 01:51:10 - my_app - ERROR - Ошибка VTBR: can't compare offset-naive and offset-aware datetimes - [tAPI.py:355]
2025-10-22 01:51:10 - my_app - ERROR - Ошибка YDEX: can't compare offset-naive and offset-aware datetimes - [tAPI.py:355]
2025-10-22 01:51:10 - my_app - ERROR - Ошибка X5: can't compare offset-naive and offset-aware datetimes - [tAPI.py:355]
2025-10-22 01:51:10 - my_app - ERROR - Ошибка VKCO: can't compare offset-naive and offset-aware datetimes - [tAPI.py:355]
2025-10-22 01:51:10 - my_app - ERROR - Ошибка LKOH: can't compare offset-naive and offset-aware datetimes - [tAPI.py:355]
2025-10-22 01:51:10 - my_app - ERROR - Ошибка PIKK: can't compare offset-naive and offset-aware datetimes - [tAPI.py:355]
2025-10-22 01:51:10 - my_app - ERROR - Ошибка GMKN: can't compare offset-naive and offset-aware datetimes - [tAPI.py:355]
2025-10-22 01:51:10 - my_app - ERROR - Ошибка CHMF: can't compare offset-naive and offset-aware datetimes - [tAPI.py:355]
2025-10-22 01:57:24 - my_app - ERROR - Ошибка SBER: cannot access local variable 'start' where it is not associated with a value - [tAPI.py:355]
2025-10-22 01:57:24 - my_app - ERROR - Ошибка T: cannot access local variable 'start' where it is not associated with a value - [tAPI.py:355]
2025-10-22 01:58:04 - my_app - ERROR - Ошибка VTBR: cannot access local variable 'start' where it is not associated with a value - [tAPI.py:355]
2025-10-22 01:58:04 - my_app - ERROR - Ошибка YDEX: cannot access local variable 'start' where it is not associated with a value - [tAPI.py:355]
2025-10-22 02:28:35 - my_app - ERROR - Ошибка SBER: NDFrame.replace() got an unexpected keyword argument 'timezone' - [tAPI.py:357]
2025-10-22 02:28:35 - my_app - ERROR - Ошибка T: NDFrame.replace() got an unexpected keyword argument 'timezone' - [tAPI.py:357]
2025-10-22 02:28:35 - my_app - ERROR - Ошибка VTBR: NDFrame.replace() got an unexpected keyword argument 'timezone' - [tAPI.py:357]
2025-10-22 02:28:35 - my_app - ERROR - Ошибка YDEX: NDFrame.replace() got an unexpected keyword argument 'timezone' - [tAPI.py:357]
2025-10-22 02:28:35 - my_app - ERROR - Ошибка X5: NDFrame.replace() got an unexpected keyword argument 'timezone' - [tAPI.py:357]
2025-10-22 02:28:35 - my_app - ERROR - Ошибка VKCO: NDFrame.replace() got an unexpected keyword argument 'timezone' - [tAPI.py:357]
2025-10-22 02:28:35 - my_app - ERROR - Ошибка LKOH: NDFrame.replace() got an unexpected keyword argument 'timezone' - [tAPI.py:357]
2025-10-22 02:28:35 - my_app - ERROR - Ошибка PIKK: NDFrame.replace() got an unexpected keyword argument 'timezone' - [tAPI.py:357]
2025-10-22 02:28:35 - my_app - ERROR - Ошибка GMKN: NDFrame.replace() got an unexpected keyword argument 'timezone' - [tAPI.py:357]
2025-10-22 02:28:35 - my_app - ERROR - Ошибка CHMF: NDFrame.replace() got an unexpected keyword argument 'timezone' - [tAPI.py:357]
2025-10-22 02:29:57 - my_app - ERROR - Ошибка SBER: NDFrame.replace() got an unexpected keyword argument 'timezone' - [tAPI.py:357]
2025-10-22 02:29:57 - my_app - ERROR - Ошибка T: NDFrame.replace() got an unexpected keyword argument 'timezone' - [tAPI.py:357]
2025-10-22 02:29:57 - my_app - ERROR - Ошибка VTBR: NDFrame.replace() got an unexpected keyword argument 'timezone' - [tAPI.py:357]
2025-10-22 02:29:57 - my_app - ERROR - Ошибка YDEX: NDFrame.replace() got an unexpected keyword argument 'timezone' - [tAPI.py:357]
2025-10-22 02:29:57 - my_app - ERROR - Ошибка X5: NDFrame.replace() got an unexpected keyword argument 'timezone' - [tAPI.py:357]
2025-10-22 02:29:57 - my_app - ERROR - Ошибка VKCO: NDFrame.replace() got an unexpected keyword argument 'timezone' - [tAPI.py:357]
2025-10-22 02:29:57 - my_app - ERROR - Ошибка LKOH: NDFrame.replace() got an unexpected keyword argument 'timezone' - [tAPI.py:357]
2025-10-22 02:29:57 - my_app - ERROR - Ошибка PIKK: NDFrame.replace() got an unexpected keyword argument 'timezone' - [tAPI.py:357]
2025-10-22 02:29:57 - my_app - ERROR - Ошибка GMKN: NDFrame.replace() got an unexpected keyword argument 'timezone' - [tAPI.py:357]
2025-10-22 02:29:57 - my_app - ERROR - Ошибка CHMF: NDFrame.replace() got an unexpected keyword argument 'timezone' - [tAPI.py:357]
2025-10-22 02:30:37 - my_app - ERROR - Ошибка SBER: NDFrame.replace() got an unexpected keyword argument 'timezone' - [tAPI.py:357]
2025-10-22 02:30:37 - my_app - ERROR - Ошибка T: NDFrame.replace() got an unexpected keyword argument 'timezone' - [tAPI.py:357]
2025-10-22 02:30:37 - my_app - ERROR - Ошибка VTBR: NDFrame.replace() got an unexpected keyword argument 'timezone' - [tAPI.py:357]
2025-10-22 02:30:37 - my_app - ERROR - Ошибка YDEX: NDFrame.replace() got an unexpected keyword argument 'timezone' - [tAPI.py:357]
2025-10-22 02:30:37 - my_app - ERROR - Ошибка X5: NDFrame.replace() got an unexpected keyword argument 'timezone' - [tAPI.py:357]
2025-10-22 02:30:37 - my_app - ERROR - Ошибка VKCO: NDFrame.replace() got an unexpected keyword argument 'timezone' - [tAPI.py:357]
2025-10-22 02:30:37 - my_app - ERROR - Ошибка LKOH: NDFrame.replace() got an unexpected keyword argument 'timezone' - [tAPI.py:357]
2025-10-22 02:30:37 - my_app - ERROR - Ошибка PIKK: NDFrame.replace() got an unexpected keyword argument 'timezone' - [tAPI.py:357]
2025-10-22 02:30:37 - my_app - ERROR - Ошибка GMKN: NDFrame.replace() got an unexpected keyword argument 'timezone' - [tAPI.py:357]
2025-10-22 02:30:37 - my_app - ERROR - Ошибка CHMF: NDFrame.replace() got an unexpected keyword argument 'timezone' - [tAPI.py:357]
2025-10-22 02:35:23 - my_app - ERROR - Ошибка SBER: NDFrame.replace() got an unexpected keyword argument 'timezone' - [tAPI.py:357]
2025-10-22 02:35:23 - my_app - ERROR - Ошибка T: NDFrame.replace() got an unexpected keyword argument 'timezone' - [tAPI.py:357]
2025-10-22 02:35:23 - my_app - ERROR - Ошибка VTBR: NDFrame.replace() got an unexpected keyword argument 'timezone' - [tAPI.py:357]
2025-10-22 02:35:23 - my_app - ERROR - Ошибка YDEX: NDFrame.replace() got an unexpected keyword argument 'timezone' - [tAPI.py:357]
2025-10-22 02:35:23 - my_app - ERROR - Ошибка X5: NDFrame.replace() got an unexpected keyword argument 'timezone' - [tAPI.py:357]
2025-10-22 02:35:23 - my_app - ERROR - Ошибка VKCO: NDFrame.replace() got an unexpected keyword argument 'timezone' - [tAPI.py:357]
2025-10-22 02:35:23 - my_app - ERROR - Ошибка LKOH: NDFrame.replace() got an unexpected keyword argument 'timezone' - [tAPI.py:357]
2025-10-22 02:35:23 - my_app - ERROR - Ошибка PIKK: NDFrame.replace() got an unexpected keyword argument 'timezone' - [tAPI.py:357]
2025-10-22 02:35:23 - my_app - ERROR - Ошибка GMKN: NDFrame.replace() got an unexpected keyword argument 'timezone' - [tAPI.py:357]
2025-10-22 02:35:23 - my_app - ERROR - Ошибка CHMF: NDFrame.replace() got an unexpected keyword argument 'timezone' - [tAPI.py:357]
2025-10-22 02:36:44 - my_app - ERROR - Ошибка SBER: NDFrame.replace() got an unexpected keyword argument 'utc' - [tAPI.py:357]
2025-10-22 02:36:45 - my_app - ERROR - Ошибка T: NDFrame.replace() got an unexpected keyword argument 'utc' - [tAPI.py:357]
2025-10-22 02:36:45 - my_app - ERROR - Ошибка VTBR: NDFrame.replace() got an unexpected keyword argument 'utc' - [tAPI.py:357]
2025-10-22 02:36:45 - my_app - ERROR - Ошибка YDEX: NDFrame.replace() got an unexpected keyword argument 'utc' - [tAPI.py:357]
2025-10-22 02:36:45 - my_app - ERROR - Ошибка X5: NDFrame.replace() got an unexpected keyword argument 'utc' - [tAPI.py:357]
2025-10-22 02:36:45 - my_app - ERROR - Ошибка VKCO: NDFrame.replace() got an unexpected keyword argument 'utc' - [tAPI.py:357]
2025-10-22 02:36:45 - my_app - ERROR - Ошибка LKOH: NDFrame.replace() got an unexpected keyword argument 'utc' - [tAPI.py:357]
2025-10-22 02:36:45 - my_app - ERROR - Ошибка PIKK: NDFrame.replace() got an unexpected keyword argument 'utc' - [tAPI.py:357]
2025-10-22 02:36:45 - my_app - ERROR - Ошибка GMKN: NDFrame.replace() got an unexpected keyword argument 'utc' - [tAPI.py:357]
2025-10-22 02:36:45 - my_app - ERROR - Ошибка CHMF: NDFrame.replace() got an unexpected keyword argument 'utc' - [tAPI.py:357]
2025-10-22 02:39:21 - my_app - ERROR - Ошибка SBER: can't compare offset-naive and offset-aware datetimes - [tAPI.py:357]
2025-10-22 02:39:21 - my_app - ERROR - Ошибка T: can't compare offset-naive and offset-aware datetimes - [tAPI.py:357]
2025-10-22 02:39:21 - my_app - ERROR - Ошибка VTBR: can't compare offset-naive and offset-aware datetimes - [tAPI.py:357]
2025-10-22 02:39:21 - my_app - ERROR - Ошибка YDEX: can't compare offset-naive and offset-aware datetimes - [tAPI.py:357]
2025-10-22 02:39:21 - my_app - ERROR - Ошибка X5: can't compare offset-naive and offset-aware datetimes - [tAPI.py:357]
2025-10-22 02:39:21 - my_app - ERROR - Ошибка VKCO: can't compare offset-naive and offset-aware datetimes - [tAPI.py:357]
2025-10-22 02:39:21 - my_app - ERROR - Ошибка LKOH: can't compare offset-naive and offset-aware datetimes - [tAPI.py:357]
2025-10-22 02:39:21 - my_app - ERROR - Ошибка PIKK: can't compare offset-naive and offset-aware datetimes - [tAPI.py:357]
2025-10-22 02:39:21 - my_app - ERROR - Ошибка GMKN: can't compare offset-naive and offset-aware datetimes - [tAPI.py:357]
2025-10-22 02:39:21 - my_app - ERROR - Ошибка CHMF: can't compare offset-naive and offset-aware datetimes - [tAPI.py:357]
2025-10-22 02:41:47 - my_app - ERROR - Ошибка SBER: can't compare offset-naive and offset-aware datetimes - [tAPI.py:358]
2025-10-22 02:41:47 - my_app - ERROR - Ошибка T: can't compare offset-naive and offset-aware datetimes - [tAPI.py:358]
2025-10-22 02:41:47 - my_app - ERROR - Ошибка VTBR: can't compare offset-naive and offset-aware datetimes - [tAPI.py:358]
2025-10-22 02:41:47 - my_app - ERROR - Ошибка YDEX: can't compare offset-naive and offset-aware datetimes - [tAPI.py:358]
2025-10-22 02:41:47 - my_app - ERROR - Ошибка X5: can't compare offset-naive and offset-aware datetimes - [tAPI.py:358]
2025-10-22 02:41:47 - my_app - ERROR - Ошибка VKCO: can't compare offset-naive and offset-aware datetimes - [tAPI.py:358]
2025-10-22 02:41:47 - my_app - ERROR - Ошибка LKOH: can't compare offset-naive and offset-aware datetimes - [tAPI.py:358]
2025-10-22 02:41:47 - my_app - ERROR - Ошибка PIKK: can't compare offset-naive and offset-aware datetimes - [tAPI.py:358]
2025-10-22 02:41:47 - my_app - ERROR - Ошибка GMKN: can't compare offset-naive and offset-aware datetimes - [tAPI.py:358]
2025-10-22 02:41:47 - my_app - ERROR - Ошибка CHMF: can't compare offset-naive and offset-aware datetimes - [tAPI.py:358]
2025-10-22 03:22:23 - my_app - ERROR - SBER: Ошибка name 'instrument' is not defined. Попытка 1/5 - [tAPI.py:233]
2025-10-22 03:22:24 - my_app - ERROR - X5: Ошибка name 'instrument' is not defined. Попытка 1/5 - [tAPI.py:233]
2025-10-22 03:22:24 - my_app - ERROR - VTBR: Ошибка name 'instrument' is not defined. Попытка 1/5 - [tAPI.py:233]
2025-10-22 03:22:25 - my_app - ERROR - T: Ошибка name 'instrument' is not defined. Попытка 1/5 - [tAPI.py:233]
2025-10-22 03:22:26 - my_app - ERROR - YDEX: Ошибка name 'instrument' is not defined. Попытка 1/5 - [tAPI.py:233]
2025-10-22 03:22:27 - my_app - ERROR - VKCO: Ошибка name 'instrument' is not defined. Попытка 1/5 - [tAPI.py:233]
